
Allocating common symbols
Common symbol       size              file

ram_disk            0x28              kernel.o

Memory Configuration

Name             Origin             Length             Attributes
iram0_0_seg      0x0000000040080000 0x0000000000020000 xr
dram0_0_seg      0x000000003ffb0000 0x0000000000028000 rw
*default*        0x0000000000000000 0xffffffffffffffff

Linker script and memory map


.text           0x0000000040080000     0x3c1c
 *(.literal.boot)
 .literal.boot  0x0000000040080000        0x0 boot.o
 *(.text.boot)
 .text.boot     0x0000000040080000       0x27 boot.o
                                         0x2e (size before relaxing)
                0x000000004008000c                _start
 *(.literal .text .literal.* .text.*)
 *fill*         0x0000000040080027        0x1 
 .text          0x0000000040080028     0x3bf1 kernel.o
                                       0x3e39 (size before relaxing)
                0x00000000400800a4                update_uptime
                0x00000000400800e0                delay_us
                0x000000004008010c                uart_putc
                0x000000004008011c                uart_puts
                0x000000004008013c                uart_getchar
                0x000000004008016c                uart_has_char
                0x0000000040080188                custom_itoa
                0x00000000400801a4                custom_strlen
                0x00000000400801bc                memcpy
                0x00000000400801d8                memset
                0x0000000040080208                spi_init
                0x0000000040080234                spi_send_byte
                0x0000000040080274                st7789_send_command
                0x00000000400802c8                st7789_send_data
                0x000000004008032c                st7789_init
                0x00000000400805c4                st7789_set_window
                0x00000000400809e4                st7789_fill_screen
                0x0000000040080a88                st7789_draw_rect
                0x0000000040080b3c                st7789_draw_char
                0x0000000040080b60                st7789_draw_string
                0x0000000040080ba8                st7789_draw_vline
                0x0000000040080bcc                heap_init
                0x0000000040080be8                custom_malloc
                0x0000000040080c48                custom_free
                0x0000000040080c74                get_free_heap
                0x0000000040080ca4                st7789_run_app_placeholder
                0x0000000040080cf4                save_to_ram_disk
                0x0000000040080d40                draw_win2k_window
                0x0000000040080e58                run_ram_file_browser
                0x00000000400815dc                run_dynamic_text_editor
                0x000000004008189c                st7789_draw_icon
                0x000000004008190c                custom_rand
                0x0000000040081954                st7789_run_snake
                0x0000000040081dd4                st7789_run_custom_block_breaker
                0x0000000040082288                st7789_run_block_studio
                0x0000000040082658                st7789_run_block_breaker
                0x0000000040082ab8                custom_format_time
                0x0000000040082bb8                st7789_run_sys_monitor
                0x0000000040082efc                tetris_check_collision
                0x0000000040082f6c                tetris_draw_piece
                0x0000000040082ff4                tetris_draw_next_piece
                0x0000000040083060                st7789_run_tetris
                0x00000000400835ec                st7789_draw_desktop
                0x000000004008360c                st7789_draw_single_item
                0x0000000040083670                st7789_draw_hex_icon
                0x00000000400836e8                st7789_draw_single_game
                0x00000000400837ec                st7789_draw_full_games_list
                0x0000000040083820                st7789_run_games_menu
                0x0000000040083964                st7789_draw_main_menu_item
                0x0000000040083ab4                st7789_draw_full_menu
                0x0000000040083b0c                kernel_main
 *fill*         0x0000000040083c19        0x3 
 .literal       0x0000000040083c1c        0x0 kernel.o
 .text          0x0000000040083c1c        0x0 boot.o

.rodata         0x000000003ffb0000      0x932
 *(.rodata)
 .rodata        0x000000003ffb0000      0x67c kernel.o
                0x000000003ffb0018                INFO_MARK
                0x000000003ffb0038                INFO_BASE
                0x000000003ffb0058                ARCADE_CONTROLS
                0x000000003ffb0078                ARCADE_SCREEN
                0x000000003ffb0098                ARCADE_BODY
                0x000000003ffb00b8                FOLDER_FRONT
                0x000000003ffb00d8                FOLDER_PAPER
                0x000000003ffb00f8                FOLDER_BACK
                0x000000003ffb0118                FILE_LINES
                0x000000003ffb0138                FILE_FOLD
                0x000000003ffb0158                FILE_PAPER
                0x000000003ffb0178                PC_GRAPH
                0x000000003ffb0198                PC_SCREEN
                0x000000003ffb01b8                PC_FRAME
                0x000000003ffb01d8                BRICK_BLUE
                0x000000003ffb01f8                BRICK_WHITE
                0x000000003ffb0218                BRICK_RED
                0x000000003ffb0238                BRICK_YELLOW
                0x000000003ffb0258                TETRIS_RED
                0x000000003ffb0278                TETRIS_YELLOW
                0x000000003ffb0298                TETRIS_CYAN
                0x000000003ffb02b8                SNAKE_TONGUE
                0x000000003ffb02d8                SNAKE_EYE
                0x000000003ffb02f8                SNAKE_BODY
                0x000000003ffb0318                TOTAL_MENU_ITEMS
                0x000000003ffb031c                tetris_colors
                0x000000003ffb032c                tetris_pieces
                0x000000003ffb0364                ICON_BACK
                0x000000003ffb036c                ICON_BRICK
                0x000000003ffb0374                ICON_TETRIS
                0x000000003ffb037c                ICON_SNAKE
                0x000000003ffb0384                font8x8
 *(.rodata.*)
 .rodata.str1.4
                0x000000003ffb067c      0x2b6 kernel.o
                                        0x2ca (size before relaxing)

.data           0x000000003ffb0934       0x20
 *(.data)
 .data          0x000000003ffb0934       0x20 kernel.o
                0x000000003ffb0934                menu_items
                0x000000003ffb0948                game_items
 .data          0x000000003ffb0954        0x0 boot.o
 *(.data.*)

.bss            0x000000003ffb0954     0x8040
                0x000000003ffb0954                . = ALIGN (0x4)
                0x000000003ffb0954                _bss_start = .
 *(.bss*)
 .bss           0x000000003ffb0954     0x8018 kernel.o
                0x000000003ffb0954                prng_state
                0x000000003ffb0958                ram_file_count
                0x000000003ffb095c                last_ccount
                0x000000003ffb0960                cycle_accumulator
                0x000000003ffb0964                global_uptime_sec
 .bss           0x000000003ffb896c        0x0 boot.o
 *(COMMON)
 COMMON         0x000000003ffb896c       0x28 kernel.o
                0x000000003ffb896c                ram_disk
                0x000000003ffb8994                . = ALIGN (0x4)
                0x000000003ffb8994                _bss_end = .
LOAD kernel.o
LOAD boot.o
OUTPUT(os.elf elf32-xtensa-le)

.debug_frame    0x0000000000000000      0x508
 .debug_frame   0x0000000000000000      0x508 kernel.o

.debug_info     0x0000000000000000     0x8407
 .debug_info    0x0000000000000000     0x83e1 kernel.o
 .debug_info    0x00000000000083e1       0x26 boot.o

.debug_abbrev   0x0000000000000000      0x645
 .debug_abbrev  0x0000000000000000      0x631 kernel.o
 .debug_abbrev  0x0000000000000631       0x14 boot.o

.debug_loc      0x0000000000000000     0x6756
 .debug_loc     0x0000000000000000     0x6756 kernel.o

.debug_aranges  0x0000000000000000       0x40
 .debug_aranges
                0x0000000000000000       0x20 kernel.o
 .debug_aranges
                0x0000000000000020       0x20 boot.o

.debug_ranges   0x0000000000000000     0x1690
 .debug_ranges  0x0000000000000000     0x1690 kernel.o

.debug_line     0x0000000000000000     0xa305
 .debug_line    0x0000000000000000     0xa298 kernel.o
 .debug_line    0x000000000000a298       0x6d boot.o

.debug_str      0x0000000000000000      0xa6a
 .debug_str     0x0000000000000000      0xa55 kernel.o
                                        0xaed (size before relaxing)
 .debug_str     0x0000000000000a55       0x15 boot.o
                                         0x26 (size before relaxing)

.comment        0x0000000000000000       0x2c
 .comment       0x0000000000000000       0x2c kernel.o
                                         0x2d (size before relaxing)

.xtensa.info    0x0000000000000000       0x38
 .xtensa.info   0x0000000000000000       0x38 kernel.o
 .xtensa.info   0x0000000000000038        0x0 boot.o

.xt.lit         0x0000000000000000      0x100
 .xt.lit        0x0000000000000000       0xf8 kernel.o
                                        0x148 (size before relaxing)
 .xt.lit        0x00000000000000f8        0x8 boot.o

.xt.prop        0x0000000000000000     0x2268
 .xt.prop       0x0000000000000000     0x2220 kernel.o
                                       0x23f4 (size before relaxing)
 .xt.prop       0x0000000000002220       0x48 boot.o
