
Allocating common symbols
Common symbol       size              file

ram_disk            0x28              kernel.o

Memory Configuration

Name             Origin             Length             Attributes
iram0_0_seg      0x0000000040080000 0x0000000000020000 xr
dram0_0_seg      0x000000003ffb0000 0x0000000000028000 rw
*default*        0x0000000000000000 0xffffffffffffffff

Linker script and memory map


.text           0x0000000040080000     0x2df0
 *(.literal.boot)
 .literal.boot  0x0000000040080000        0x0 boot.o
 *(.text.boot)
 .text.boot     0x0000000040080000       0x27 boot.o
                                         0x2e (size before relaxing)
                0x000000004008000c                _start
 *(.literal .text .literal.* .text.*)
 *fill*         0x0000000040080027        0x1 
 .text          0x0000000040080028     0x2dc8 kernel.o
                                       0x2f84 (size before relaxing)
                0x00000000400800a4                update_uptime
                0x00000000400800e0                delay_us
                0x0000000040080110                uart_getchar
                0x0000000040080140                uart_has_char
                0x000000004008015c                custom_itoa
                0x0000000040080178                custom_strlen
                0x0000000040080190                memcpy
                0x00000000400801ac                memset
                0x00000000400801dc                spi_init
                0x0000000040080208                spi_send_byte
                0x0000000040080248                st7789_send_command
                0x000000004008029c                st7789_send_data
                0x0000000040080300                st7789_init
                0x0000000040080594                st7789_set_window
                0x00000000400809b0                st7789_fill_screen
                0x0000000040080a54                st7789_draw_rect
                0x0000000040080b08                st7789_draw_char
                0x0000000040080b2c                st7789_draw_string
                0x0000000040080b74                st7789_draw_vline
                0x0000000040080b98                heap_init
                0x0000000040080bb4                custom_malloc
                0x0000000040080c14                custom_free
                0x0000000040080c40                get_free_heap
                0x0000000040080c70                st7789_run_app_placeholder
                0x0000000040080cc0                save_to_ram_disk
                0x0000000040080d0c                draw_win2k_window
                0x0000000040080e2c                run_ram_file_browser
                0x00000000400814d4                run_dynamic_text_editor
                0x00000000400817a4                custom_rand
                0x00000000400817e4                st7789_run_snake
                0x0000000040081bfc                st7789_run_block_breaker
                0x0000000040082034                st7789_run_sys_monitor
                0x0000000040082368                tetris_check_collision
                0x00000000400823d8                tetris_draw_piece
                0x0000000040082460                tetris_draw_next_piece
                0x00000000400824cc                st7789_run_tetris
                0x0000000040082a20                st7789_run_games_menu
                0x0000000040082bac                st7789_draw_desktop
                0x0000000040082bcc                st7789_draw_single_item
                0x0000000040082c30                st7789_draw_full_menu
                0x0000000040082c70                kernel_main
 *fill*         0x0000000040082df0        0x0 
 .literal       0x0000000040082df0        0x0 kernel.o
 .text          0x0000000040082df0        0x0 boot.o

.rodata         0x000000003ffb0000      0x5cd
 *(.rodata)
 .rodata        0x000000003ffb0000      0x35c kernel.o
                0x000000003ffb0018                TOTAL_MENU_ITEMS
                0x000000003ffb001c                tetris_colors
                0x000000003ffb002c                tetris_pieces
                0x000000003ffb0064                font8x8
 *(.rodata.*)
 .rodata.str1.4
                0x000000003ffb035c      0x271 kernel.o
                                        0x275 (size before relaxing)

.data           0x000000003ffb05d0       0x14
 *(.data)
 .data          0x000000003ffb05d0       0x14 kernel.o
                0x000000003ffb05d0                menu_items
 .data          0x000000003ffb05e4        0x0 boot.o
 *(.data.*)

.bss            0x000000003ffb05e4     0x8040
                0x000000003ffb05e4                . = ALIGN (0x4)
                0x000000003ffb05e4                _bss_start = .
 *(.bss*)
 .bss           0x000000003ffb05e4     0x8018 kernel.o
                0x000000003ffb05e4                prng_state
                0x000000003ffb05e8                ram_file_count
                0x000000003ffb05ec                last_ccount
                0x000000003ffb05f0                cycle_accumulator
                0x000000003ffb05f4                global_uptime_sec
 .bss           0x000000003ffb85fc        0x0 boot.o
 *(COMMON)
 COMMON         0x000000003ffb85fc       0x28 kernel.o
                0x000000003ffb85fc                ram_disk
                0x000000003ffb8624                . = ALIGN (0x4)
                0x000000003ffb8624                _bss_end = .
LOAD kernel.o
LOAD boot.o
OUTPUT(os.elf elf32-xtensa-le)

.debug_frame    0x0000000000000000      0x418
 .debug_frame   0x0000000000000000      0x418 kernel.o

.debug_info     0x0000000000000000     0x6452
 .debug_info    0x0000000000000000     0x642c kernel.o
 .debug_info    0x000000000000642c       0x26 boot.o

.debug_abbrev   0x0000000000000000      0x645
 .debug_abbrev  0x0000000000000000      0x631 kernel.o
 .debug_abbrev  0x0000000000000631       0x14 boot.o

.debug_loc      0x0000000000000000     0x5390
 .debug_loc     0x0000000000000000     0x5390 kernel.o

.debug_aranges  0x0000000000000000       0x40
 .debug_aranges
                0x0000000000000000       0x20 kernel.o
 .debug_aranges
                0x0000000000000020       0x20 boot.o

.debug_ranges   0x0000000000000000     0x1490
 .debug_ranges  0x0000000000000000     0x1490 kernel.o

.debug_line     0x0000000000000000     0x89a8
 .debug_line    0x0000000000000000     0x893b kernel.o
 .debug_line    0x000000000000893b       0x6d boot.o

.debug_str      0x0000000000000000      0x7d8
 .debug_str     0x0000000000000000      0x7c3 kernel.o
                                        0x845 (size before relaxing)
 .debug_str     0x00000000000007c3       0x15 boot.o
                                         0x26 (size before relaxing)

.comment        0x0000000000000000       0x2c
 .comment       0x0000000000000000       0x2c kernel.o
                                         0x2d (size before relaxing)

.xtensa.info    0x0000000000000000       0x38
 .xtensa.info   0x0000000000000000       0x38 kernel.o
 .xtensa.info   0x0000000000000038        0x0 boot.o

.xt.lit         0x0000000000000000       0xd0
 .xt.lit        0x0000000000000000       0xc8 kernel.o
                                        0x108 (size before relaxing)
 .xt.lit        0x00000000000000c8        0x8 boot.o

.xt.prop        0x0000000000000000     0x1c38
 .xt.prop       0x0000000000000000     0x1bf0 kernel.o
                                       0x1c68 (size before relaxing)
 .xt.prop       0x0000000000001bf0       0x48 boot.o
