
Memory Configuration

Name             Origin             Length             Attributes
iram0_0_seg      0x0000000040080000 0x0000000000020000 xr
dram0_0_seg      0x000000003ffb0000 0x0000000000028000 rw
*default*        0x0000000000000000 0xffffffffffffffff

Linker script and memory map


.text           0x0000000040080000      0xfb8
 *(.literal.boot)
 .literal.boot  0x0000000040080000        0x0 boot.o
 *(.text.boot)
 .text.boot     0x0000000040080000       0x23 boot.o
                                         0x2e (size before relaxing)
                0x0000000040080008                _start
 *(.literal .text .literal.* .text.*)
 *fill*         0x0000000040080023        0x1 
 .text          0x0000000040080024      0xf93 kernel.o
                                       0x1013 (size before relaxing)
                0x0000000040080434                delay_us
                0x0000000040080458                spi_init
                0x0000000040080480                spi_send_byte
                0x00000000400804c0                st7789_send_command
                0x0000000040080514                st7789_send_data
                0x0000000040080578                st7789_init
                0x00000000400807d0                st7789_fill_screen
                0x0000000040080aac                st7789_draw_rect
                0x0000000040080e24                st7789_draw_char
                0x0000000040080e48                st7789_draw_string
                0x0000000040080ecc                kernel_main
 *fill*         0x0000000040080fb7        0x1 
 .literal       0x0000000040080fb8        0x0 kernel.o
 .text          0x0000000040080fb8        0x0 boot.o

.rodata         0x000000003ffb0000      0x36b
 *(.rodata)
 .rodata        0x000000003ffb0000      0x2f8 kernel.o
                0x000000003ffb0000                font8x8
 *(.rodata.*)
 .rodata.str1.4
                0x000000003ffb02f8       0x73 kernel.o

.data           0x000000003ffb036c        0x0
 *(.data)
 .data          0x000000003ffb036c        0x0 kernel.o
 .data          0x000000003ffb036c        0x0 boot.o
 *(.data.*)

.bss            0x000000003ffb036b        0x1
                0x000000003ffb036c                . = ALIGN (0x4)
 *fill*         0x000000003ffb036b        0x1 
                0x000000003ffb036c                _bss_start = .
 *(.bss*)
 .bss           0x000000003ffb036c        0x0 kernel.o
 .bss           0x000000003ffb036c        0x0 boot.o
 *(COMMON)
                0x000000003ffb036c                . = ALIGN (0x4)
                0x000000003ffb036c                _bss_end = .
LOAD kernel.o
LOAD boot.o
OUTPUT(os.elf elf32-xtensa-le)

.debug_frame    0x0000000000000000      0x130
 .debug_frame   0x0000000000000000      0x130 kernel.o

.debug_info     0x0000000000000000     0x1caa
 .debug_info    0x0000000000000000     0x1c84 kernel.o
 .debug_info    0x0000000000001c84       0x26 boot.o

.debug_abbrev   0x0000000000000000      0x370
 .debug_abbrev  0x0000000000000000      0x35c kernel.o
 .debug_abbrev  0x000000000000035c       0x14 boot.o

.debug_loc      0x0000000000000000     0x173b
 .debug_loc     0x0000000000000000     0x173b kernel.o

.debug_aranges  0x0000000000000000       0x40
 .debug_aranges
                0x0000000000000000       0x20 kernel.o
 .debug_aranges
                0x0000000000000020       0x20 boot.o

.debug_ranges   0x0000000000000000      0xb50
 .debug_ranges  0x0000000000000000      0xb50 kernel.o

.debug_line     0x0000000000000000     0x3a23
 .debug_line    0x0000000000000000     0x39b6 kernel.o
 .debug_line    0x00000000000039b6       0x6d boot.o

.debug_str      0x0000000000000000      0x196
 .debug_str     0x0000000000000000      0x181 kernel.o
                                        0x1a5 (size before relaxing)
 .debug_str     0x0000000000000181       0x15 boot.o
                                         0x26 (size before relaxing)

.comment        0x0000000000000000       0x2c
 .comment       0x0000000000000000       0x2c kernel.o
                                         0x2d (size before relaxing)

.xtensa.info    0x0000000000000000       0x38
 .xtensa.info   0x0000000000000000       0x38 kernel.o
 .xtensa.info   0x0000000000000038        0x0 boot.o

.xt.lit         0x0000000000000000       0x30
 .xt.lit        0x0000000000000000       0x28 kernel.o
                                         0x48 (size before relaxing)
 .xt.lit        0x0000000000000028        0x8 boot.o

.xt.prop        0x0000000000000000      0x75c
 .xt.prop       0x0000000000000000      0x714 kernel.o
 .xt.prop       0x0000000000000714       0x48 boot.o
